2026-04-01 20:07:05,998 [INFO] Activator:176 - 


2026-04-01 20:07:06,003 [INFO] Activator:177 - !SESSION log4j initialized
2026-04-01 20:07:10,762 [INFO] LogOutputStream:77 - [STDOUT_REDIRECT] 
2026-04-01 20:07:16,202 [INFO] ApplicationProperties:184 - Using Application install path: C:\ST\STM32CubeIDE_1.17.0\STM32CubeIDE\plugins\com.st.stm32cube.common.mx_6.13.0.202411220809
2026-04-01 20:07:16,238 [INFO] DbMcusXml:78 - Set database path to: C:\ST\STM32CubeIDE_1.17.0\STM32CubeIDE\plugins\com.st.stm32cube.common.mx_6.13.0.202411220809\\db\/mcu/
2026-04-01 20:07:16,238 [INFO] ApiDb:274 - Set plugin database path to: C:\ST\STM32CubeIDE_1.17.0\STM32CubeIDE\plugins\com.st.stm32cube.common.mx_6.13.0.202411220809\\db\/plugins/boardmanager/
2026-04-01 20:07:16,239 [WARN] ApiDb:259 - Overriding images path with different value:  => C:\ST\STM32CubeIDE_1.17.0\STM32CubeIDE\plugins\com.st.stm32cube.common.mx_6.13.0.202411220809\\db\/plugins/mcufinder/images/
2026-04-01 20:07:16,254 [INFO] ApiDb:250 - Set database path to: C:\Users\nikit\.stmcufinder\plugins\mcufinder//mcu/
2026-04-01 20:07:16,256 [INFO] DbMcusAds:125 - Set database path to: C:\Users\nikit\.stmcufinder\plugins\mcufinder//mcu/
2026-04-01 20:07:16,262 [INFO] CrossReferenceDbSqlite:203 - Set database path to: C:\Users\nikit\.stmcufinder\plugins\mcufinder//mcu/cs/
2026-04-01 20:07:16,527 [INFO] RulesReader:64 - Compatibility file has been processed (297 Rules)
2026-04-01 20:07:16,692 [INFO] DbMcusXml:78 - Set database path to: C:\ST\STM32CubeIDE_1.17.0\STM32CubeIDE\plugins\com.st.stm32cube.common.mx_6.13.0.202411220809\\db\/mcu/
2026-04-01 20:07:16,693 [INFO] ApiDb:274 - Set plugin database path to: C:\ST\STM32CubeIDE_1.17.0\STM32CubeIDE\plugins\com.st.stm32cube.common.mx_6.13.0.202411220809\\db\/plugins/boardmanager/
2026-04-01 20:07:16,693 [INFO] ApiDb:261 - Set plugin images path to: C:\ST\STM32CubeIDE_1.17.0\STM32CubeIDE\plugins\com.st.stm32cube.common.mx_6.13.0.202411220809\\db\/plugins/mcufinder/images/
2026-04-01 20:07:16,694 [WARN] DbFile:41 - Overriding database path with different value: C:\Users\nikit\.stmcufinder\plugins\mcufinder/ => C:\Users\nikit\.stmcufinder\plugins\mcufinder
2026-04-01 20:07:16,694 [INFO] ApiDb:250 - Set database path to: C:\Users\nikit\.stmcufinder\plugins\mcufinder//mcu/
2026-04-01 20:07:16,694 [WARN] DbFile:41 - Overriding database path with different value: C:\Users\nikit\.stmcufinder\plugins\mcufinder/ => C:\Users\nikit\.stmcufinder\plugins\mcufinder
2026-04-01 20:07:16,694 [INFO] DbMcusAds:125 - Set database path to: C:\Users\nikit\.stmcufinder\plugins\mcufinder//mcu/
2026-04-01 20:07:16,695 [WARN] DbFile:41 - Overriding database path with different value: C:\Users\nikit\.stmcufinder\plugins\mcufinder/ => C:\Users\nikit\.stmcufinder\plugins\mcufinder
2026-04-01 20:07:16,695 [WARN] DbFile:41 - Overriding database path with different value: C:\Users\nikit\.stmcufinder\plugins\mcufinder/ => C:\Users\nikit\.stmcufinder\plugins\mcufinder
2026-04-01 20:07:16,695 [INFO] CrossReferenceDbSqlite:203 - Set database path to: C:\Users\nikit\.stmcufinder\plugins\mcufinder//mcu/cs/
2026-04-01 20:07:16,835 [INFO] MainPanel:272 - HeapMemory: 268435456
2026-04-01 20:07:17,007 [INFO] DbMcusXml:78 - Set database path to: C:\ST\STM32CubeIDE_1.17.0\STM32CubeIDE\plugins\com.st.stm32cube.common.mx_6.13.0.202411220809\\db\/mcu/
2026-04-01 20:07:17,007 [INFO] ApiDb:274 - Set plugin database path to: C:\ST\STM32CubeIDE_1.17.0\STM32CubeIDE\plugins\com.st.stm32cube.common.mx_6.13.0.202411220809\\db\/plugins/boardmanager/
2026-04-01 20:07:17,007 [INFO] ApiDb:261 - Set plugin images path to: C:\ST\STM32CubeIDE_1.17.0\STM32CubeIDE\plugins\com.st.stm32cube.common.mx_6.13.0.202411220809\\db\/plugins/mcufinder/images/
2026-04-01 20:07:17,008 [WARN] DbFile:41 - Overriding database path with different value: C:\Users\nikit\.stmcufinder\plugins\mcufinder/ => C:\Users\nikit\.stmcufinder\plugins\mcufinder
2026-04-01 20:07:17,008 [INFO] ApiDb:250 - Set database path to: C:\Users\nikit\.stmcufinder\plugins\mcufinder//mcu/
2026-04-01 20:07:17,008 [WARN] DbFile:41 - Overriding database path with different value: C:\Users\nikit\.stmcufinder\plugins\mcufinder/ => C:\Users\nikit\.stmcufinder\plugins\mcufinder
2026-04-01 20:07:17,008 [INFO] DbMcusAds:125 - Set database path to: C:\Users\nikit\.stmcufinder\plugins\mcufinder//mcu/
2026-04-01 20:07:17,009 [WARN] DbFile:41 - Overriding database path with different value: C:\Users\nikit\.stmcufinder\plugins\mcufinder/ => C:\Users\nikit\.stmcufinder\plugins\mcufinder
2026-04-01 20:07:17,009 [WARN] DbFile:41 - Overriding database path with different value: C:\Users\nikit\.stmcufinder\plugins\mcufinder/ => C:\Users\nikit\.stmcufinder\plugins\mcufinder
2026-04-01 20:07:17,009 [INFO] CrossReferenceDbSqlite:203 - Set database path to: C:\Users\nikit\.stmcufinder\plugins\mcufinder//mcu/cs/
2026-04-01 20:07:17,042 [INFO] ApplicationProperties:184 - Using Application install path: C:\ST\STM32CubeIDE_1.17.0\STM32CubeIDE\plugins\com.st.stm32cube.common.mx_6.13.0.202411220809
2026-04-01 20:07:17,044 [INFO] PluginManage:196 - Search for loadable plugins [exclusion list=, ]
2026-04-01 20:07:17,046 [INFO] PluginManage:310 - Check plugin analytics
2026-04-01 20:07:17,465 [INFO] AnalyticsPlugin:253 - Accepted Software Licenses: 
2026-04-01 20:07:17,468 [INFO] AnalyticsPlugin:255 - Accepted CMSIS Pack Licenses: 
2026-04-01 20:07:17,469 [INFO] AnalyticsPlugin:257 - Accepted Firmware Licenses: 
2026-04-01 20:07:17,474 [INFO] PluginManage:359 - Loaded plugin analytics (category:tool,tabindex:-1)
2026-04-01 20:07:17,475 [INFO] PluginManage:310 - Check plugin cadmodel
2026-04-01 20:07:17,482 [INFO] CADModel:105 - Init CAD model plugin
2026-04-01 20:07:17,483 [INFO] PluginManage:359 - Loaded plugin cadmodel (category:power,tabindex:5)
2026-04-01 20:07:17,483 [INFO] PluginManage:310 - Check plugin clock
2026-04-01 20:07:17,499 [INFO] PluginManage:359 - Loaded plugin clock (category:base,tabindex:2)
2026-04-01 20:07:17,500 [INFO] PluginManage:310 - Check plugin ddr
2026-04-01 20:07:17,504 [INFO] PluginManage:359 - Loaded plugin ddr (category:tool,tabindex:6)
2026-04-01 20:07:17,504 [INFO] PluginManage:310 - Check plugin filemanager
2026-04-01 20:07:17,887 [INFO] PluginManage:359 - Loaded plugin filemanager (category:base,tabindex:10)
2026-04-01 20:07:17,887 [INFO] PluginManage:310 - Check plugin ipmanager
2026-04-01 20:07:17,903 [INFO] PluginManage:359 - Loaded plugin ipmanager (category:base,tabindex:5)
2026-04-01 20:07:17,904 [INFO] PluginManage:310 - Check plugin lpbam
2026-04-01 20:07:17,922 [INFO] PluginManage:359 - Loaded plugin lpbam (category:base,tabindex:0)
2026-04-01 20:07:17,922 [INFO] PluginManage:310 - Check plugin memorymap
2026-04-01 20:07:17,947 [INFO] PluginManage:359 - Loaded plugin memorymap (category:base,tabindex:4)
2026-04-01 20:07:17,947 [INFO] PluginManage:310 - Check plugin pinoutandconfiguration
2026-04-01 20:07:18,113 [INFO] PluginManage:359 - Loaded plugin pinoutandconfiguration (category:base,tabindex:1)
2026-04-01 20:07:18,113 [INFO] PluginManage:310 - Check plugin pinoutconfig
2026-04-01 20:07:18,339 [WARN] SupportedApi:132 - Cannot load RTOS API schema: s4s-elt-must-match.1: The content of 'definitions' must match (annotation?, (simpleType | complexType)?, (unique | key | keyref)*)). A problem was found starting at: attribute.
2026-04-01 20:07:18,646 [INFO] PluginManage:359 - Loaded plugin pinoutconfig (category:base,tabindex:0)
2026-04-01 20:07:18,679 [INFO] PluginManage:310 - Check plugin power
2026-04-01 20:07:18,700 [INFO] PluginManage:359 - Loaded plugin power (category:power,tabindex:4)
2026-04-01 20:07:18,700 [INFO] PluginManage:310 - Check plugin projectmanager
2026-04-01 20:07:18,740 [INFO] PluginManage:359 - Loaded plugin projectmanager (category:projectmanager,tabindex:4)
2026-04-01 20:07:18,741 [INFO] PluginManage:310 - Check plugin rif
2026-04-01 20:07:18,757 [INFO] PluginManage:359 - Loaded plugin rif (category:base,tabindex:3)
2026-04-01 20:07:18,757 [INFO] PluginManage:310 - Check plugin thirdparty
2026-04-01 20:07:19,035 [INFO] PluginManage:359 - Loaded plugin thirdparty (category:base,tabindex:-1)
2026-04-01 20:07:19,036 [INFO] PluginManage:310 - Check plugin tools
2026-04-01 20:07:19,034 [WARN] IntegrityCheckThread:84 - waiting for thirdparty lock release [integrity check]
2026-04-01 20:07:19,037 [INFO] IntegrityCheckThread:86 - entering critical section [integrity check]
2026-04-01 20:07:19,038 [INFO] ThirdPartyUpdaterWithRetryManager:70 - Updater plugin not ready yet. [1/15]
2026-04-01 20:07:19,042 [INFO] PluginManage:359 - Loaded plugin tools (category:base,tabindex:7)
2026-04-01 20:07:19,042 [INFO] PluginManage:310 - Check plugin tutovideos
2026-04-01 20:07:19,438 [INFO] PluginManage:359 - Loaded plugin tutovideos (category:base,tabindex:-1)
2026-04-01 20:07:19,439 [INFO] PluginManage:310 - Check plugin updater
2026-04-01 20:07:19,489 [INFO] PluginManage:359 - Loaded plugin updater (category:base,tabindex:12)
2026-04-01 20:07:19,490 [INFO] PluginManage:310 - Check plugin userauth
2026-04-01 20:07:19,498 [INFO] UserAuth:118 - Init User Auth plugin
2026-04-01 20:07:19,501 [INFO] PluginManage:359 - Loaded plugin userauth (category:base,tabindex:14)
2026-04-01 20:07:19,502 [INFO] PluginManage:283 - PluginManage : Loaded plugins [18]
2026-04-01 20:07:19,931 [INFO] PinOutPanel:1589 - setPackage(No Configuration,No Configuration)
2026-04-01 20:07:20,097 [INFO] CADModel:165 - CPN selected for project level
2026-04-01 20:07:20,097 [INFO] CADModel:114 - Register for checkConnection events
2026-04-01 20:07:20,126 [INFO] IPUIPlugin:80 - create IPUIPlugin
2026-04-01 20:07:20,126 [INFO] PluginManager:220 - loadIPPluginJar : add adc
2026-04-01 20:07:20,131 [INFO] IPUIPlugin:80 - create IPUIPlugin
2026-04-01 20:07:20,131 [INFO] PluginManager:220 - loadIPPluginJar : add aes
2026-04-01 20:07:20,136 [INFO] IPUIPlugin:80 - create IPUIPlugin
2026-04-01 20:07:20,137 [INFO] PluginManager:220 - loadIPPluginJar : add can
2026-04-01 20:07:20,140 [INFO] IPUIPlugin:80 - create IPUIPlugin
2026-04-01 20:07:20,140 [INFO] PluginManager:220 - loadIPPluginJar : add comp
2026-04-01 20:07:20,145 [INFO] IPUIPlugin:80 - create IPUIPlugin
2026-04-01 20:07:20,145 [INFO] PluginManager:220 - loadIPPluginJar : add cryp
2026-04-01 20:07:20,150 [INFO] IPUIPlugin:80 - create IPUIPlugin
2026-04-01 20:07:20,150 [INFO] PluginManager:220 - loadIPPluginJar : add ddr_ctrl_phy
2026-04-01 20:07:20,155 [INFO] IPUIPlugin:80 - create IPUIPlugin
2026-04-01 20:07:20,156 [INFO] PluginManager:220 - loadIPPluginJar : add dfsdm
2026-04-01 20:07:20,165 [INFO] IPUIPlugin:80 - create IPUIPlugin
2026-04-01 20:07:20,167 [INFO] PluginManager:220 - loadIPPluginJar : add dma
2026-04-01 20:07:20,172 [INFO] IPUIPlugin:80 - create IPUIPlugin
2026-04-01 20:07:20,172 [INFO] PluginManager:220 - loadIPPluginJar : add dma3
2026-04-01 20:07:20,178 [INFO] IPUIPlugin:80 - create IPUIPlugin
2026-04-01 20:07:20,178 [INFO] PluginManager:220 - loadIPPluginJar : add extmemmanager
2026-04-01 20:07:20,181 [INFO] IPUIPlugin:80 - create IPUIPlugin
2026-04-01 20:07:20,181 [INFO] PluginManager:220 - loadIPPluginJar : add fatfs
2026-04-01 20:07:20,191 [INFO] IPUIPlugin:80 - create IPUIPlugin
2026-04-01 20:07:20,191 [INFO] PluginManager:220 - loadIPPluginJar : add fmc
2026-04-01 20:07:20,200 [INFO] IPUIPlugin:80 - create IPUIPlugin
2026-04-01 20:07:20,201 [INFO] PluginManager:220 - loadIPPluginJar : add freertos
2026-04-01 20:07:20,203 [INFO] IPUIPlugin:80 - create IPUIPlugin
2026-04-01 20:07:20,203 [INFO] PluginManager:220 - loadIPPluginJar : add genericplugin
2026-04-01 20:07:20,208 [INFO] IPUIPlugin:80 - create IPUIPlugin
2026-04-01 20:07:20,208 [INFO] PluginManager:220 - loadIPPluginJar : add gfxmmu
2026-04-01 20:07:20,216 [INFO] IPUIPlugin:80 - create IPUIPlugin
2026-04-01 20:07:20,216 [INFO] PluginManager:220 - loadIPPluginJar : add gic
2026-04-01 20:07:20,223 [INFO] IPUIPlugin:80 - create IPUIPlugin
2026-04-01 20:07:20,223 [INFO] PluginManager:220 - loadIPPluginJar : add gpio
2026-04-01 20:07:20,228 [INFO] IPUIPlugin:80 - create IPUIPlugin
2026-04-01 20:07:20,228 [INFO] PluginManager:220 - loadIPPluginJar : add gtzc
2026-04-01 20:07:20,232 [INFO] IPUIPlugin:80 - create IPUIPlugin
2026-04-01 20:07:20,232 [INFO] PluginManager:220 - loadIPPluginJar : add hash
2026-04-01 20:07:20,236 [INFO] IPUIPlugin:80 - create IPUIPlugin
2026-04-01 20:07:20,236 [INFO] PluginManager:220 - loadIPPluginJar : add i2c
2026-04-01 20:07:20,241 [INFO] IPUIPlugin:80 - create IPUIPlugin
2026-04-01 20:07:20,243 [INFO] PluginManager:220 - loadIPPluginJar : add i2s
2026-04-01 20:07:20,248 [INFO] IPUIPlugin:80 - create IPUIPlugin
2026-04-01 20:07:20,248 [INFO] PluginManager:220 - loadIPPluginJar : add i3c
2026-04-01 20:07:20,254 [INFO] IPUIPlugin:80 - create IPUIPlugin
2026-04-01 20:07:20,255 [INFO] PluginManager:220 - loadIPPluginJar : add ipddr
2026-04-01 20:07:20,266 [INFO] IPUIPlugin:80 - create IPUIPlugin
2026-04-01 20:07:20,267 [INFO] PluginManager:220 - loadIPPluginJar : add linkedlist
2026-04-01 20:07:20,273 [INFO] IPUIPlugin:80 - create IPUIPlugin
2026-04-01 20:07:20,273 [INFO] PluginManager:220 - loadIPPluginJar : add lorawan
2026-04-01 20:07:20,276 [INFO] IPUIPlugin:80 - create IPUIPlugin
2026-04-01 20:07:20,276 [INFO] PluginManager:220 - loadIPPluginJar : add ltdc
2026-04-01 20:07:20,286 [INFO] IPUIPlugin:80 - create IPUIPlugin
2026-04-01 20:07:20,286 [INFO] PluginManager:220 - loadIPPluginJar : add mdma
2026-04-01 20:07:20,293 [INFO] IPUIPlugin:80 - create IPUIPlugin
2026-04-01 20:07:20,293 [INFO] PluginManager:220 - loadIPPluginJar : add nvic
2026-04-01 20:07:20,298 [INFO] IPUIPlugin:80 - create IPUIPlugin
2026-04-01 20:07:20,298 [INFO] PluginManager:220 - loadIPPluginJar : add opamp
2026-04-01 20:07:20,304 [INFO] IPUIPlugin:80 - create IPUIPlugin
2026-04-01 20:07:20,304 [INFO] PluginManager:220 - loadIPPluginJar : add openamp
2026-04-01 20:07:20,311 [INFO] IPUIPlugin:80 - create IPUIPlugin
2026-04-01 20:07:20,311 [INFO] PluginManager:220 - loadIPPluginJar : add pdm2pcm
2026-04-01 20:07:20,326 [INFO] IPUIPlugin:80 - create IPUIPlugin
2026-04-01 20:07:20,332 [INFO] PluginManager:220 - loadIPPluginJar : add plateformsettings
2026-04-01 20:07:20,335 [INFO] IPUIPlugin:80 - create IPUIPlugin
2026-04-01 20:07:20,335 [INFO] PluginManager:220 - loadIPPluginJar : add quadspi
2026-04-01 20:07:20,339 [INFO] IPUIPlugin:80 - create IPUIPlugin
2026-04-01 20:07:20,341 [INFO] PluginManager:220 - loadIPPluginJar : add radio
2026-04-01 20:07:20,348 [INFO] IPUIPlugin:80 - create IPUIPlugin
2026-04-01 20:07:20,349 [INFO] PluginManager:220 - loadIPPluginJar : add resmgrutility
2026-04-01 20:07:20,357 [INFO] IPUIPlugin:80 - create IPUIPlugin
2026-04-01 20:07:20,357 [INFO] PluginManager:220 - loadIPPluginJar : add sai
2026-04-01 20:07:20,363 [INFO] IPUIPlugin:80 - create IPUIPlugin
2026-04-01 20:07:20,363 [INFO] PluginManager:220 - loadIPPluginJar : add spi
2026-04-01 20:07:20,375 [INFO] IPUIPlugin:80 - create IPUIPlugin
2026-04-01 20:07:20,375 [INFO] PluginManager:220 - loadIPPluginJar : add stm32_wpan
2026-04-01 20:07:20,378 [INFO] IPUIPlugin:80 - create IPUIPlugin
2026-04-01 20:07:20,379 [INFO] PluginManager:220 - loadIPPluginJar : add tim
2026-04-01 20:07:20,385 [INFO] IPUIPlugin:80 - create IPUIPlugin
2026-04-01 20:07:20,386 [INFO] PluginManager:220 - loadIPPluginJar : add touchsensing
2026-04-01 20:07:20,389 [INFO] IPUIPlugin:80 - create IPUIPlugin
2026-04-01 20:07:20,389 [INFO] PluginManager:220 - loadIPPluginJar : add tracer_emb
2026-04-01 20:07:20,393 [INFO] IPUIPlugin:80 - create IPUIPlugin
2026-04-01 20:07:20,394 [INFO] PluginManager:220 - loadIPPluginJar : add ts
2026-04-01 20:07:20,396 [INFO] IPUIPlugin:80 - create IPUIPlugin
2026-04-01 20:07:20,397 [INFO] PluginManager:220 - loadIPPluginJar : add tsc
2026-04-01 20:07:20,401 [INFO] IPUIPlugin:80 - create IPUIPlugin
2026-04-01 20:07:20,401 [INFO] PluginManager:220 - loadIPPluginJar : add ucpd
2026-04-01 20:07:20,406 [INFO] IPUIPlugin:80 - create IPUIPlugin
2026-04-01 20:07:20,407 [INFO] PluginManager:220 - loadIPPluginJar : add usart
2026-04-01 20:07:20,413 [INFO] IPUIPlugin:80 - create IPUIPlugin
2026-04-01 20:07:20,413 [INFO] PluginManager:220 - loadIPPluginJar : add usbx
2026-04-01 20:07:20,606 [FATAL] Updater:351 - Updater called before beeing initialized
2026-04-01 20:07:20,668 [INFO] RulesReader:64 - Compatibility file has been processed (297 Rules)
2026-04-01 20:07:20,696 [INFO] RulesReader:64 - Compatibility file has been processed (297 Rules)
2026-04-01 20:07:20,710 [INFO] CADModel:165 - CPN selected for project level
2026-04-01 20:07:20,710 [INFO] CADModel:114 - Register for checkConnection events
2026-04-01 20:07:20,710 [FATAL] Updater:351 - Updater called before beeing initialized
2026-04-01 20:07:20,711 [ERROR] CADModel:125 - Updater not yet initialized, retry later 
2026-04-01 20:07:20,975 [FATAL] Updater:351 - Updater called before beeing initialized
2026-04-01 20:07:20,978 [INFO] CADModel:165 - CPN selected for project level
2026-04-01 20:07:20,978 [INFO] CADModel:114 - Register for checkConnection events
2026-04-01 20:07:20,978 [FATAL] Updater:351 - Updater called before beeing initialized
2026-04-01 20:07:20,978 [ERROR] CADModel:125 - Updater not yet initialized, retry later 
2026-04-01 20:07:20,982 [FATAL] Updater:351 - Updater called before beeing initialized
2026-04-01 20:07:21,212 [FATAL] Updater:351 - Updater called before beeing initialized
2026-04-01 20:07:21,221 [INFO] DbMcusAds:53 - JSON generation date=Thu Sep 30 09:55:09 MSK 2021 (1632984909247)
2026-04-01 20:07:21,221 [FATAL] Updater:351 - Updater called before beeing initialized
2026-04-01 20:07:21,301 [WARN] DetailPanel:346 - Failed to get advertising image, set to default
2026-04-01 20:07:21,947 [FATAL] Updater:351 - Updater called before beeing initialized
2026-04-01 20:07:21,949 [FATAL] Updater:351 - Updater called before beeing initialized
2026-04-01 20:07:21,950 [FATAL] Updater:351 - Updater called before beeing initialized
2026-04-01 20:07:21,950 [WARN] DetailPanel:346 - Failed to get advertising image, set to default
2026-04-01 20:07:21,951 [FATAL] Updater:351 - Updater called before beeing initialized
2026-04-01 20:07:22,040 [INFO] ThirdPartyUpdaterWithRetryManager:70 - Updater plugin not ready yet. [2/15]
2026-04-01 20:07:22,106 [ERROR] Updater:1198 - MainUpdater not yet initialized. External WinMGr cannot be set.
2026-04-01 20:07:22,110 [INFO] Updater:1134 - Updater Version found : 6.13.0
2026-04-01 20:07:22,145 [INFO] ApplicationProperties:184 - Using Application install path: C:\ST\STM32CubeIDE_1.17.0\STM32CubeIDE\plugins\com.st.stm32cube.common.mx_6.13.0.202411220809
2026-04-01 20:07:23,032 [ERROR] CheckConnectionManager:249 - Problem, Http access forbiden
2026-04-01 20:07:23,043 [INFO] MainUpdater:2872 - connection check result : 22
2026-04-01 20:07:23,045 [INFO] MainUpdater:289 - Updater Check For Update Now.
2026-04-01 20:07:23,045 [INFO] MicroXplorer:498 - Change Database Version : DB.6.0.130
2026-04-01 20:07:23,059 [INFO] McuFinderGlobals:63 - Set McuFinder mode to 2 (CubeIDE integrated)
2026-04-01 20:07:23,060 [INFO] UserAuth:171 - activating auth plugin
2026-04-01 20:07:23,076 [INFO] UserAuth:486 - Internet connection configuration mode: 2
2026-04-01 20:07:23,204 [INFO] UserAuth:486 - Internet connection configuration mode: 2
2026-04-01 20:07:23,410 [INFO] CheckServerUpdateThread:120 - End of CheckServer Thread
2026-04-01 20:07:25,256 [INFO] ThirdParty:978 - Integrity check success = true
2026-04-01 20:07:25,257 [INFO] IntegrityCheckThread:100 - exiting critical section [integrity check]
2026-04-01 20:07:25,257 [INFO] IntegrityCheckThread:103 - End integrity checks thread
